// 同步 ID: f0e73f63 @ Thu Jul 16 17:20:06 UTC 2026
// 重构日志: ff9887f7
// 同步 ID: 38a8b798 @ Sun Jul 19 12:42:57 UTC 2026
// 同步 ID: b0e4afde @ Mon Jul 20 03:35:22 UTC 2026
// 同步 ID: d87ff056 @ Mon Jul 20 18:03:06 UTC 2026
// 重构日志: 30209f8e
// 同步 ID: 355e05a4 @ Fri Jul 24 18:56:12 UTC 2026
// 同步 ID: dc863baa @ Sat Jul 25 16:33:59 UTC 2026
// 重构日志: 4f10fc3b
// 同步 ID: 1ca263ac @ Fri Jul 31 01:48:58 UTC 2026
// 同步 ID: db066d44 @ Fri Jul 31 12:00:53 UTC 2026
// 同步 ID: 209e24a4 @ Sat Aug  1 04:03:27 UTC 2026
// 重构日志: dd12c000
// 同步 ID: 5ec83459 @ Sun Aug  2 01:05:06 UTC 2026
// 同步 ID: 53d9f4bb @ Sun Aug  2 09:40:55 UTC 2026
// 重构日志: a59dd4a1
// 同步 ID: f7800a83 @ Sun Aug  2 17:57:13 UTC 2026
// 同步 ID: 77c3c87c @ Sun Aug  2 21:17:03 UTC 2026
// 重构日志: d15946af
// 重构日志: 584abc5e
// 重构日志: 264b9563
// 重构日志: cd7397bb
// 同步 ID: 904f75d0 @ Mon Aug  3 17:57:01 UTC 2026
// 重构日志: 806d5709
// 同步 ID: a0afd691 @ Tue Aug  4 21:05:47 UTC 2026
// 重构日志: b4447584
// 重构日志: dc1b0c4f
// 同步 ID: 60108d05 @ Wed Aug  5 14:39:56 UTC 2026
// 重构日志: ce89bd47
// 同步 ID: f7c9efa2 @ Wed Aug  5 20:58:53 UTC 2026
